┌ Info: ("Subject", "80")
└ @ Main /Users/lapso/RTSax-Experiment/src/rt_sax_experiment_block.jl:168
┌ Info: ("Instrument", "alto")
└ @ Main /Users/lapso/RTSax-Experiment/src/rt_sax_experiment_block.jl:169
┌ Info: ("block", 2)
└ @ Main /Users/lapso/RTSax-Experiment/src/rt_sax_experiment_block.jl:170
┌ Info: ("type", "Real")
└ @ Main /Users/lapso/RTSax-Experiment/src/rt_sax_experiment_block.jl:171
┌ Info: ("fingering", "Dx4")
└ @ Main /Users/lapso/RTSax-Experiment/src/rt_sax_experiment_block.jl:172
┌ Info: ("source", DESource:
│ f: saxRN!
│ u0: [-0.0, 0.0, 0.0, 0.001, 0.0, 0.001, 0.0, 0.001, 0.0, 0.001, 0.0, 0.001, 0.0, 0.001, 0.0, 0.001, 0.0, 0.001]
│ p: [0.0, 0.99, 0.00979661595879188, 0.01936891284757492, 0.028360608704342382, 0.07432143849663234, 0.050548821250474996, 0.11670566159228501, 0.09216364364868869, 0.06198262884427968, 1.2338084566478504, 2.4878515275295494, 3.713067761216321, 4.708967745444628, 5.162349633118768, 6.423192090747518, 6.796511492605703, 8.028786854008391, 0.1743716819551786, 0.5578016350295758, 0.7229214135041638, 0.20563375244332302, 0.3856853535936764, 0.3217763876557924, 0.061991433399029294, 0.308559675011552]
│ ts: 973.0
│ gain: 0.0
│ channel_map: [[3, 5, 7, 9, 11, 13, 15, 17]]
│ )
└ @ Main /Users/lapso/RTSax-Experiment/src/rt_sax_experiment_block.jl:195
┌ Info: ("nmodes", 8)
└ @ Main /Users/lapso/RTSax-Experiment/src/rt_sax_experiment_block.jl:196
┌ Info: ("param_map", [(0, 2000, 0.0, 0.99), (9000, 15000, 0.99, 0.0)])
└ @ Main /Users/lapso/RTSax-Experiment/src/rt_sax_experiment_block.jl:197
┌ Info: ("task", "Practice")
└ @ Main /Users/lapso/RTSax-Experiment/src/rt_sax_experiment_block.jl:232
┌ Info: ("datafile", "/Users/lapso/RTSax-Experiment/src/sessions/S80_Real_Dx4_Practice_4200992298375.dat")
└ @ Main /Users/lapso/RTSax-Experiment/src/rt_sax_experiment_block.jl:233
┌ Info: ("task", "LegatoAsc")
└ @ Main /Users/lapso/RTSax-Experiment/src/rt_sax_experiment_block.jl:232
┌ Info: ("datafile", "/Users/lapso/RTSax-Experiment/src/sessions/S80_Real_Dx4_LegatoAsc_4350002434541.dat")
└ @ Main /Users/lapso/RTSax-Experiment/src/rt_sax_experiment_block.jl:233
┌ Info: ("task", "LegatoAsc")
└ @ Main /Users/lapso/RTSax-Experiment/src/rt_sax_experiment_block.jl:232
┌ Info: ("datafile", "/Users/lapso/RTSax-Experiment/src/sessions/S80_Real_Dx4_LegatoAsc_4360788372916.dat")
└ @ Main /Users/lapso/RTSax-Experiment/src/rt_sax_experiment_block.jl:233
┌ Info: ("task", "LegatoAsc")
└ @ Main /Users/lapso/RTSax-Experiment/src/rt_sax_experiment_block.jl:232
┌ Info: ("datafile", "/Users/lapso/RTSax-Experiment/src/sessions/S80_Real_Dx4_LegatoAsc_4375291856791.dat")
└ @ Main /Users/lapso/RTSax-Experiment/src/rt_sax_experiment_block.jl:233
┌ Info: ("task", "LegatoDesc")
└ @ Main /Users/lapso/RTSax-Experiment/src/rt_sax_experiment_block.jl:232
┌ Info: ("datafile", "/Users/lapso/RTSax-Experiment/src/sessions/S80_Real_Dx4_LegatoDesc_4389437778291.dat")
└ @ Main /Users/lapso/RTSax-Experiment/src/rt_sax_experiment_block.jl:233
┌ Info: ("task", "NonlegatoAsc")
└ @ Main /Users/lapso/RTSax-Experiment/src/rt_sax_experiment_block.jl:232
┌ Info: ("datafile", "/Users/lapso/RTSax-Experiment/src/sessions/S80_Real_Dx4_NonlegatoAsc_4400537542583.dat")
└ @ Main /Users/lapso/RTSax-Experiment/src/rt_sax_experiment_block.jl:233
┌ Info: ("task", "NonlegatoDesc")
└ @ Main /Users/lapso/RTSax-Experiment/src/rt_sax_experiment_block.jl:232
┌ Info: ("datafile", "/Users/lapso/RTSax-Experiment/src/sessions/S80_Real_Dx4_NonlegatoDesc_4412597990625.dat")
└ @ Main /Users/lapso/RTSax-Experiment/src/rt_sax_experiment_block.jl:233
┌ Info: ("task", "Overtone")
└ @ Main /Users/lapso/RTSax-Experiment/src/rt_sax_experiment_block.jl:232
┌ Info: ("datafile", "/Users/lapso/RTSax-Experiment/src/sessions/S80_Real_Dx4_Overtone_4426306860458.dat")
└ @ Main /Users/lapso/RTSax-Experiment/src/rt_sax_experiment_block.jl:233
┌ Info: ("task", "Overtone")
└ @ Main /Users/lapso/RTSax-Experiment/src/rt_sax_experiment_block.jl:232
┌ Info: ("datafile", "/Users/lapso/RTSax-Experiment/src/sessions/S80_Real_Dx4_Overtone_4440545547291.dat")
└ @ Main /Users/lapso/RTSax-Experiment/src/rt_sax_experiment_block.jl:233
┌ Info: ("task", "Overtone")
└ @ Main /Users/lapso/RTSax-Experiment/src/rt_sax_experiment_block.jl:232
┌ Info: ("datafile", "/Users/lapso/RTSax-Experiment/src/sessions/S80_Real_Dx4_Overtone_4463822322291.dat")
└ @ Main /Users/lapso/RTSax-Experiment/src/rt_sax_experiment_block.jl:233
┌ Info: ("task", "Practice")
└ @ Main /Users/lapso/RTSax-Experiment/src/rt_sax_experiment_block.jl:232
┌ Info: ("datafile", "/Users/lapso/RTSax-Experiment/src/sessions/S80_Real_Dx4_Practice_4485275376208.dat")
└ @ Main /Users/lapso/RTSax-Experiment/src/rt_sax_experiment_block.jl:233
┌ Info: ("task", "LegatoAsc")
└ @ Main /Users/lapso/RTSax-Experiment/src/rt_sax_experiment_block.jl:232
┌ Info: ("datafile", "/Users/lapso/RTSax-Experiment/src/sessions/S80_Real_Dx4_LegatoAsc_4499268221958.dat")
└ @ Main /Users/lapso/RTSax-Experiment/src/rt_sax_experiment_block.jl:233
┌ Info: ("task", "Practice")
└ @ Main /Users/lapso/RTSax-Experiment/src/rt_sax_experiment_block.jl:232
┌ Info: ("datafile", "/Users/lapso/RTSax-Experiment/src/sessions/S80_Real_Dx4_Practice_4510981926125.dat")
└ @ Main /Users/lapso/RTSax-Experiment/src/rt_sax_experiment_block.jl:233
┌ Info: ("task", "LegatoAsc")
└ @ Main /Users/lapso/RTSax-Experiment/src/rt_sax_experiment_block.jl:232
┌ Info: ("datafile", "/Users/lapso/RTSax-Experiment/src/sessions/S80_Real_Dx4_LegatoAsc_4542769125625.dat")
└ @ Main /Users/lapso/RTSax-Experiment/src/rt_sax_experiment_block.jl:233
┌ Info: ("task", "Practice")
└ @ Main /Users/lapso/RTSax-Experiment/src/rt_sax_experiment_block.jl:232
┌ Info: ("datafile", "/Users/lapso/RTSax-Experiment/src/sessions/S80_Real_Dx4_Practice_4587257481958.dat")
└ @ Main /Users/lapso/RTSax-Experiment/src/rt_sax_experiment_block.jl:233
┌ Info: ("task", "LegatoAsc")
└ @ Main /Users/lapso/RTSax-Experiment/src/rt_sax_experiment_block.jl:232
┌ Info: ("datafile", "/Users/lapso/RTSax-Experiment/src/sessions/S80_Real_Dx4_LegatoAsc_4604432490416.dat")
└ @ Main /Users/lapso/RTSax-Experiment/src/rt_sax_experiment_block.jl:233
